../Core/Src/main.c:71:6:HAL_TIM_IC_CaptureCallback	16	static
../Core/Src/main.c:84:6:HAL_UART_TxCpltCallback	16	static
../Core/Src/main.c:95:5:main	120	static
../Core/Src/main.c:173:6:SystemClock_Config	88	static
../Core/Src/main.c:221:13:MX_TIM1_Init	96	static
../Core/Src/main.c:296:13:MX_TIM2_Init	64	static
../Core/Src/main.c:355:13:MX_TIM11_Init	24	static
../Core/Src/main.c:400:13:MX_USART2_UART_Init	8	static
../Core/Src/main.c:433:13:MX_GPIO_Init	48	static
../Core/Src/main.c:479:6:Error_Handler	4	static,ignoring_inline_asm
