../Core/Src/main.c:102:6:HAL_TIM_IC_CaptureCallback	16	static
../Core/Src/main.c:107:6:HAL_TIM_PeriodElapsedCallback	16	static
../Core/Src/main.c:112:6:HAL_UART_RxCpltCallback	16	static
../Core/Src/main.c:117:6:HAL_ADC_ConvCpltCallback	16	static
../Core/Src/main.c:120:6:HAL_GPIO_EXTI_Callback	16	static
../Core/Src/main.c:140:5:main	640	static
../Core/Src/main.c:383:6:SystemClock_Config	88	static
../Core/Src/main.c:430:13:MX_ADC1_Init	24	static
../Core/Src/main.c:536:13:MX_TIM1_Init	96	static
../Core/Src/main.c:619:13:MX_TIM3_Init	56	static
../Core/Src/main.c:668:13:MX_TIM10_Init	8	static
../Core/Src/main.c:699:13:MX_USART1_UART_Init	8	static
../Core/Src/main.c:732:13:MX_USART2_UART_Init	8	static
../Core/Src/main.c:763:13:MX_DMA_Init	16	static
../Core/Src/main.c:784:13:MX_GPIO_Init	48	static
../Core/Src/main.c:831:6:Error_Handler	4	static,ignoring_inline_asm
