../Core/Src/main.c:92:6:HAL_TIM_IC_CaptureCallback	16	static
../Core/Src/main.c:97:6:HAL_TIM_PeriodElapsedCallback	16	static
../Core/Src/main.c:103:6:HAL_UART_RxCpltCallback	16	static
../Core/Src/main.c:119:5:main	544	static
../Core/Src/main.c:274:6:SystemClock_Config	88	static
../Core/Src/main.c:321:13:MX_TIM2_Init	56	static
../Core/Src/main.c:370:13:MX_TIM3_Init	64	static
../Core/Src/main.c:437:13:MX_TIM4_Init	64	static
../Core/Src/main.c:505:13:MX_TIM10_Init	8	static
../Core/Src/main.c:536:13:MX_USART2_UART_Init	8	static
../Core/Src/main.c:569:13:MX_USART6_UART_Init	8	static
../Core/Src/main.c:600:13:MX_DMA_Init	16	static
../Core/Src/main.c:618:13:MX_GPIO_Init	48	static
../Core/Src/main.c:668:6:Error_Handler	4	static,ignoring_inline_asm
